Archive member included to satisfy reference by file (symbol)

g:/stm32cubeide_1.7.0/stm32cubeide/plugins/com.st.stm32cube.ide.mcu.externaltools.gnu-tools-for-stm32.9-2020-q2-update.win32_2.0.0.202105311346/tools/bin/../lib/gcc/arm-none-eabi/9.3.1/../../../../arm-none-eabi/lib/thumb/v7-m/nofp\libc_nano.a(lib_a-errno.o)
                              ./Core/Src/syscalls.o (__errno)
g:/stm32cubeide_1.7.0/stm32cubeide/plugins/com.st.stm32cube.ide.mcu.externaltools.gnu-tools-for-stm32.9-2020-q2-update.win32_2.0.0.202105311346/tools/bin/../lib/gcc/arm-none-eabi/9.3.1/../../../../arm-none-eabi/lib/thumb/v7-m/nofp\libc_nano.a(lib_a-exit.o)
                              g:/stm32cubeide_1.7.0/stm32cubeide/plugins/com.st.stm32cube.ide.mcu.externaltools.gnu-tools-for-stm32.9-2020-q2-update.win32_2.0.0.202105311346/tools/bin/../lib/gcc/arm-none-eabi/9.3.1/../../../../arm-none-eabi/lib/thumb/v7-m/nofp/crt0.o (exit)
g:/stm32cubeide_1.7.0/stm32cubeide/plugins/com.st.stm32cube.ide.mcu.externaltools.gnu-tools-for-stm32.9-2020-q2-update.win32_2.0.0.202105311346/tools/bin/../lib/gcc/arm-none-eabi/9.3.1/../../../../arm-none-eabi/lib/thumb/v7-m/nofp\libc_nano.a(lib_a-impure.o)
                              g:/stm32cubeide_1.7.0/stm32cubeide/plugins/com.st.stm32cube.ide.mcu.externaltools.gnu-tools-for-stm32.9-2020-q2-update.win32_2.0.0.202105311346/tools/bin/../lib/gcc/arm-none-eabi/9.3.1/../../../../arm-none-eabi/lib/thumb/v7-m/nofp\libc_nano.a(lib_a-exit.o) (_global_impure_ptr)
g:/stm32cubeide_1.7.0/stm32cubeide/plugins/com.st.stm32cube.ide.mcu.externaltools.gnu-tools-for-stm32.9-2020-q2-update.win32_2.0.0.202105311346/tools/bin/../lib/gcc/arm-none-eabi/9.3.1/../../../../arm-none-eabi/lib/thumb/v7-m/nofp\libc_nano.a(lib_a-init.o)
                              g:/stm32cubeide_1.7.0/stm32cubeide/plugins/com.st.stm32cube.ide.mcu.externaltools.gnu-tools-for-stm32.9-2020-q2-update.win32_2.0.0.202105311346/tools/bin/../lib/gcc/arm-none-eabi/9.3.1/../../../../arm-none-eabi/lib/thumb/v7-m/nofp/crt0.o (__libc_init_array)
g:/stm32cubeide_1.7.0/stm32cubeide/plugins/com.st.stm32cube.ide.mcu.externaltools.gnu-tools-for-stm32.9-2020-q2-update.win32_2.0.0.202105311346/tools/bin/../lib/gcc/arm-none-eabi/9.3.1/../../../../arm-none-eabi/lib/thumb/v7-m/nofp\libc_nano.a(lib_a-memset.o)
                              g:/stm32cubeide_1.7.0/stm32cubeide/plugins/com.st.stm32cube.ide.mcu.externaltools.gnu-tools-for-stm32.9-2020-q2-update.win32_2.0.0.202105311346/tools/bin/../lib/gcc/arm-none-eabi/9.3.1/../../../../arm-none-eabi/lib/thumb/v7-m/nofp/crt0.o (memset)

Allocating common symbols
Common symbol       size              file

schTasks            0x280             ./Core/Src/sch.o
uwTick              0x4               ./Drivers/STM32F1xx_HAL_Driver/Src/stm32f1xx_hal.o
pFlash              0x20              ./Drivers/STM32F1xx_HAL_Driver/Src/stm32f1xx_hal_flash.o
buffer2             0x10              ./Core/Src/global.o
htim2               0x48              ./Core/Src/main.o
buffer1             0x10              ./Core/Src/global.o

Discarded input sections

 .text          0x0000000000000000        0x0 g:/stm32cubeide_1.7.0/stm32cubeide/plugins/com.st.stm32cube.ide.mcu.externaltools.gnu-tools-for-stm32.9-2020-q2-update.win32_2.0.0.202105311346/tools/bin/../lib/gcc/arm-none-eabi/9.3.1/thumb/v7-m/nofp/crti.o
 .data          0x0000000000000000        0x0 g:/stm32cubeide_1.7.0/stm32cubeide/plugins/com.st.stm32cube.ide.mcu.externaltools.gnu-tools-for-stm32.9-2020-q2-update.win32_2.0.0.202105311346/tools/bin/../lib/gcc/arm-none-eabi/9.3.1/thumb/v7-m/nofp/crti.o
 .bss           0x0000000000000000        0x0 g:/stm32cubeide_1.7.0/stm32cubeide/plugins/com.st.stm32cube.ide.mcu.externaltools.gnu-tools-for-stm32.9-2020-q2-update.win32_2.0.0.202105311346/tools/bin/../lib/gcc/arm-none-eabi/9.3.1/thumb/v7-m/nofp/crti.o
 .data          0x0000000000000000        0x4 g:/stm32cubeide_1.7.0/stm32cubeide/plugins/com.st.stm32cube.ide.mcu.externaltools.gnu-tools-for-stm32.9-2020-q2-update.win32_2.0.0.202105311346/tools/bin/../lib/gcc/arm-none-eabi/9.3.1/thumb/v7-m/nofp/crtbegin.o
 .text          0x0000000000000000       0x7c g:/stm32cubeide_1.7.0/stm32cubeide/plugins/com.st.stm32cube.ide.mcu.externaltools.gnu-tools-for-stm32.9-2020-q2-update.win32_2.0.0.202105311346/tools/bin/../lib/gcc/arm-none-eabi/9.3.1/../../../../arm-none-eabi/lib/thumb/v7-m/nofp/crt0.o
 .data          0x0000000000000000        0x0 g:/stm32cubeide_1.7.0/stm32cubeide/plugins/com.st.stm32cube.ide.mcu.externaltools.gnu-tools-for-stm32.9-2020-q2-update.win32_2.0.0.202105311346/tools/bin/../lib/gcc/arm-none-eabi/9.3.1/../../../../arm-none-eabi/lib/thumb/v7-m/nofp/crt0.o
 .bss           0x0000000000000000        0x0 g:/stm32cubeide_1.7.0/stm32cubeide/plugins/com.st.stm32cube.ide.mcu.externaltools.gnu-tools-for-stm32.9-2020-q2-update.win32_2.0.0.202105311346/tools/bin/../lib/gcc/arm-none-eabi/9.3.1/../../../../arm-none-eabi/lib/thumb/v7-m/nofp/crt0.o
[...]
Memory Configuration

Name             Origin             Length             Attributes
RAM              0x0000000020000000 0x0000000000002800 xrw
FLASH            0x0000000008000000 0x0000000000008000 xr
*default*        0x0000000000000000 0xffffffffffffffff

Linker script and memory map

LOAD g:/stm32cubeide_1.7.0/stm32cubeide/plugins/com.st.stm32cube.ide.mcu.externaltools.gnu-tools-for-stm32.9-2020-q2-update.win32_2.0.0.202105311346/tools/bin/../lib/gcc/arm-none-eabi/9.3.1/thumb/v7-m/nofp/crti.o
LOAD g:/stm32cubeide_1.7.0/stm32cubeide/plugins/com.st.stm32cube.ide.mcu.externaltools.gnu-tools-for-stm32.9-2020-q2-update.win32_2.0.0.202105311346/tools/bin/../lib/gcc/arm-none-eabi/9.3.1/thumb/v7-m/nofp/crtbegin.o
LOAD g:/stm32cubeide_1.7.0/stm32cubeide/plugins/com.st.stm32cube.ide.mcu.externaltools.gnu-tools-for-stm32.9-2020-q2-update.win32_2.0.0.202105311346/tools/bin/../lib/gcc/arm-none-eabi/9.3.1/../../../../arm-none-eabi/lib/thumb/v7-m/nofp/crt0.o
LOAD ./Core/Src/button.o
LOAD ./Core/Src/fsm_auto.o
LOAD ./Core/Src/fsm_manual.o
LOAD ./Core/Src/global.o
LOAD ./Core/Src/main.o
LOAD ./Core/Src/sch.o
LOAD ./Core/Src/softwaretimer.o
LOAD ./Core/Src/stm32f1xx_hal_msp.o
LOAD ./Core/Src/stm32f1xx_it.o
LOAD ./Core/Src/syscalls.o
LOAD ./Core/Src/sysmem.o
LOAD ./Core/Src/system_stm32f1xx.o
LOAD ./Core/Startup/startup_stm32f103c6ux.o
LOAD ./Drivers/STM32F1xx_HAL_Driver/Src/stm32f1xx_hal.o
LOAD ./Drivers/STM32F1xx_HAL_Driver/Src/stm32f1xx_hal_cortex.o
LOAD ./Drivers/STM32F1xx_HAL_Driver/Src/stm32f1xx_hal_dma.o
LOAD ./Drivers/STM32F1xx_HAL_Driver/Src/stm32f1xx_hal_exti.o
LOAD ./Drivers/STM32F1xx_HAL_Driver/Src/stm32f1xx_hal_flash.o
LOAD ./Drivers/STM32F1xx_HAL_Driver/Src/stm32f1xx_hal_flash_ex.o
LOAD ./Drivers/STM32F1xx_HAL_Driver/Src/stm32f1xx_hal_gpio.o
LOAD ./Drivers/STM32F1xx_HAL_Driver/Src/stm32f1xx_hal_gpio_ex.o
LOAD ./Drivers/STM32F1xx_HAL_Driver/Src/stm32f1xx_hal_pwr.o
LOAD ./Drivers/STM32F1xx_HAL_Driver/Src/stm32f1xx_hal_rcc.o
LOAD ./Drivers/STM32F1xx_HAL_Driver/Src/stm32f1xx_hal_rcc_ex.o
LOAD ./Drivers/STM32F1xx_HAL_Driver/Src/stm32f1xx_hal_tim.o
LOAD ./Drivers/STM32F1xx_HAL_Driver/Src/stm32f1xx_hal_tim_ex.o
START GROUP
LOAD g:/stm32cubeide_1.7.0/stm32cubeide/plugins/com.st.stm32cube.ide.mcu.externaltools.gnu-tools-for-stm32.9-2020-q2-update.win32_2.0.0.202105311346/tools/bin/../lib/gcc/arm-none-eabi/9.3.1/../../../../arm-none-eabi/lib/thumb/v7-m/nofp\libc_nano.a
LOAD g:/stm32cubeide_1.7.0/stm32cubeide/plugins/com.st.stm32cube.ide.mcu.externaltools.gnu-tools-for-stm32.9-2020-q2-update.win32_2.0.0.202105311346/tools/bin/../lib/gcc/arm-none-eabi/9.3.1/../../../../arm-none-eabi/lib/thumb/v7-m/nofp\libm.a
END GROUP
START GROUP
LOAD g:/stm32cubeide_1.7.0/stm32cubeide/plugins/com.st.stm32cube.ide.mcu.externaltools.gnu-tools-for-stm32.9-2020-q2-update.win32_2.0.0.202105311346/tools/bin/../lib/gcc/arm-none-eabi/9.3.1/thumb/v7-m/nofp\libgcc.a
LOAD g:/stm32cubeide_1.7.0/stm32cubeide/plugins/com.st.stm32cube.ide.mcu.externaltools.gnu-tools-for-stm32.9-2020-q2-update.win32_2.0.0.202105311346/tools/bin/../lib/gcc/arm-none-eabi/9.3.1/../../../../arm-none-eabi/lib/thumb/v7-m/nofp\libc_nano.a
END GROUP
START GROUP
LOAD g:/stm32cubeide_1.7.0/stm32cubeide/plugins/com.st.stm32cube.ide.mcu.externaltools.gnu-tools-for-stm32.9-2020-q2-update.win32_2.0.0.202105311346/tools/bin/../lib/gcc/arm-none-eabi/9.3.1/thumb/v7-m/nofp\libgcc.a
LOAD g:/stm32cubeide_1.7.0/stm32cubeide/plugins/com.st.stm32cube.ide.mcu.externaltools.gnu-tools-for-stm32.9-2020-q2-update.win32_2.0.0.202105311346/tools/bin/../lib/gcc/arm-none-eabi/9.3.1/../../../../arm-none-eabi/lib/thumb/v7-m/nofp\libc_nano.a
LOAD g:/stm32cubeide_1.7.0/stm32cubeide/plugins/com.st.stm32cube.ide.mcu.externaltools.gnu-tools-for-stm32.9-2020-q2-update.win32_2.0.0.202105311346/tools/bin/../lib/gcc/arm-none-eabi/9.3.1/../../../../arm-none-eabi/lib/thumb/v7-m/nofp\libnosys.a
END GROUP
START GROUP
LOAD g:/stm32cubeide_1.7.0/stm32cubeide/plugins/com.st.stm32cube.ide.mcu.externaltools.gnu-tools-for-stm32.9-2020-q2-update.win32_2.0.0.202105311346/tools/bin/../lib/gcc/arm-none-eabi/9.3.1/thumb/v7-m/nofp\libgcc.a
LOAD g:/stm32cubeide_1.7.0/stm32cubeide/plugins/com.st.stm32cube.ide.mcu.externaltools.gnu-tools-for-stm32.9-2020-q2-update.win32_2.0.0.202105311346/tools/bin/../lib/gcc/arm-none-eabi/9.3.1/../../../../arm-none-eabi/lib/thumb/v7-m/nofp\libc_nano.a
LOAD g:/stm32cubeide_1.7.0/stm32cubeide/plugins/com.st.stm32cube.ide.mcu.externaltools.gnu-tools-for-stm32.9-2020-q2-update.win32_2.0.0.202105311346/tools/bin/../lib/gcc/arm-none-eabi/9.3.1/../../../../arm-none-eabi/lib/thumb/v7-m/nofp\libnosys.a
END GROUP
LOAD g:/stm32cubeide_1.7.0/stm32cubeide/plugins/com.st.stm32cube.ide.mcu.externaltools.gnu-tools-for-stm32.9-2020-q2-update.win32_2.0.0.202105311346/tools/bin/../lib/gcc/arm-none-eabi/9.3.1/thumb/v7-m/nofp/crtend.o
LOAD g:/stm32cubeide_1.7.0/stm32cubeide/plugins/com.st.stm32cube.ide.mcu.externaltools.gnu-tools-for-stm32.9-2020-q2-update.win32_2.0.0.202105311346/tools/bin/../lib/gcc/arm-none-eabi/9.3.1/thumb/v7-m/nofp/crtn.o
                0x0000000020002800                _estack = (ORIGIN (RAM) + LENGTH (RAM))
                0x0000000000000200                _Min_Heap_Size = 0x200
                0x0000000000000400                _Min_Stack_Size = 0x400

.isr_vector     0x0000000008000000      0x10c
                0x0000000008000000                . = ALIGN (0x4)
 *(.isr_vector)
 .isr_vector    0x0000000008000000      0x10c ./Core/Startup/startup_stm32f103c6ux.o
                0x0000000008000000                g_pfnVectors
                0x000000000800010c                . = ALIGN (0x4)

.text           0x000000000800010c     0x2af8
                0x000000000800010c                . = ALIGN (0x4)
 *(.text)
 .text          0x000000000800010c       0x40 g:/stm32cubeide_1.7.0/stm32cubeide/plugins/com.st.stm32cube.ide.mcu.externaltools.gnu-tools-for-stm32.9-2020-q2-update.win32_2.0.0.202105311346/tools/bin/../lib/gcc/arm-none-eabi/9.3.1/thumb/v7-m/nofp/crtbegin.o
 *(.text*)
 .text.isButton1_pressed
                0x000000000800014c       0x24 ./Core/Src/button.o
                0x000000000800014c                isButton1_pressed
 .text.getKeyInput1
                0x0000000008000170       0xb0 ./Core/Src/button.o
                0x0000000008000170                getKeyInput1
 .text.isButton2_pressed
                0x0000000008000220       0x24 ./Core/Src/button.o
                0x0000000008000220                isButton2_pressed
 .text.getKeyInput2
                0x0000000008000244       0xac ./Core/Src/button.o
                0x0000000008000244                getKeyInput2
 .text.isButton3_pressed
                0x00000000080002f0       0x24 ./Core/Src/button.o
                0x00000000080002f0                isButton3_pressed
 .text.getKeyInput3
                0x0000000008000314       0xb0 ./Core/Src/button.o
                0x0000000008000314                getKeyInput3
 .text.trafficSetUp
                0x00000000080003c4       0x1e ./Core/Src/fsm_auto.o
                0x00000000080003c4                trafficSetUp
 *fill*         0x00000000080003e2        0x2 
 .text.fsm_autoRun
                0x00000000080003e4      0x244 ./Core/Src/fsm_auto.o
                0x00000000080003e4                fsm_autoRun
 .text.fsm_manualRun
                0x0000000008000628      0x214 ./Core/Src/fsm_manual.o
                0x0000000008000628                fsm_manualRun
 .text.setBuffer1_Default
                0x000000000800083c       0x34 ./Core/Src/global.o
                0x000000000800083c                setBuffer1_Default
 .text.setBuffer2
                0x0000000008000870       0x38 ./Core/Src/global.o
                0x0000000008000870                setBuffer2
 .text.setTraffic1
                0x00000000080008a8       0x44 ./Core/Src/global.o
                0x00000000080008a8                setTraffic1
 .text.setTraffic2
                0x00000000080008ec       0x44 ./Core/Src/global.o
                0x00000000080008ec                setTraffic2
 .text.helpDisplaySeg
                0x0000000008000930       0x8c ./Core/Src/global.o
                0x0000000008000930                helpDisplaySeg
 .text.displaySeg
                0x00000000080009bc      0x150 ./Core/Src/global.o
                0x00000000080009bc                displaySeg
 .text.displaySegProcess
                0x0000000008000b0c      0x168 ./Core/Src/global.o
                0x0000000008000b0c                displaySegProcess
 .text.main     0x0000000008000c74       0x28 ./Core/Src/main.o
                0x0000000008000c74                main
 .text.SystemClock_Config
                0x0000000008000c9c       0x76 ./Core/Src/main.o
                0x0000000008000c9c                SystemClock_Config
 *fill*         0x0000000008000d12        0x2 
 .text.MX_TIM2_Init
                0x0000000008000d14       0x98 ./Core/Src/main.o
 .text.MX_GPIO_Init
                0x0000000008000dac       0xf8 ./Core/Src/main.o
 .text.HAL_TIM_PeriodElapsedCallback
                0x0000000008000ea4       0x14 ./Core/Src/main.o
                0x0000000008000ea4                HAL_TIM_PeriodElapsedCallback
 .text.Error_Handler
                0x0000000008000eb8        0xa ./Core/Src/main.o
                0x0000000008000eb8                Error_Handler
 *fill*         0x0000000008000ec2        0x2 
 .text.sch_Init
                0x0000000008000ec4       0x8c ./Core/Src/sch.o
                0x0000000008000ec4                sch_Init
 .text.schAddTask
                0x0000000008000f50       0x98 ./Core/Src/sch.o
                0x0000000008000f50                schAddTask
 .text.schUpdate
                0x0000000008000fe8       0x34 ./Core/Src/sch.o
                0x0000000008000fe8                schUpdate
 .text.schDispatchTask
                0x000000000800101c       0x88 ./Core/Src/sch.o
                0x000000000800101c                schDispatchTask
 .text.schDelete
                0x00000000080010a4       0xb4 ./Core/Src/sch.o
                0x00000000080010a4                schDelete
 .text.reheapUp
                0x0000000008001158       0x98 ./Core/Src/sch.o
                0x0000000008001158                reheapUp
 .text.reheapDown
                0x00000000080011f0       0xe4 ./Core/Src/sch.o
                0x00000000080011f0                reheapDown
 .text.reSchProcess
                0x00000000080012d4       0x3c ./Core/Src/sch.o
                0x00000000080012d4                reSchProcess
 .text.isTrigger
                0x0000000008001310       0x24 ./Core/Src/sch.o
                0x0000000008001310                isTrigger
 .text.setTimerCD
                0x0000000008001334       0x2c ./Core/Src/softwaretimer.o
                0x0000000008001334                setTimerCD
 .text.timerRunCD
                0x0000000008001360       0x34 ./Core/Src/softwaretimer.o
                0x0000000008001360                timerRunCD
 .text.isTimerFlagCD
                0x0000000008001394       0x24 ./Core/Src/softwaretimer.o
                0x0000000008001394                isTimerFlagCD
 .text.setFlagSeg
                0x00000000080013b8       0x1c ./Core/Src/softwaretimer.o
                0x00000000080013b8                setFlagSeg
 .text.setTimerSeg
                0x00000000080013d4       0x2c ./Core/Src/softwaretimer.o
                0x00000000080013d4                setTimerSeg
 .text.timerRunSeg
                0x0000000008001400       0x34 ./Core/Src/softwaretimer.o
                0x0000000008001400                timerRunSeg
 .text.isTimerFlagSeg
                0x0000000008001434       0x24 ./Core/Src/softwaretimer.o
                0x0000000008001434                isTimerFlagSeg
 .text.HAL_MspInit
                0x0000000008001458       0x64 ./Core/Src/stm32f1xx_hal_msp.o
                0x0000000008001458                HAL_MspInit
 .text.HAL_TIM_Base_MspInit
                0x00000000080014bc       0x48 ./Core/Src/stm32f1xx_hal_msp.o
                0x00000000080014bc                HAL_TIM_Base_MspInit
 .text.NMI_Handler
                0x0000000008001504        0x6 ./Core/Src/stm32f1xx_it.o
                0x0000000008001504                NMI_Handler
 .text.HardFault_Handler
                0x000000000800150a        0x6 ./Core/Src/stm32f1xx_it.o
                0x000000000800150a                HardFault_Handler
 .text.MemManage_Handler
                0x0000000008001510        0x6 ./Core/Src/stm32f1xx_it.o
                0x0000000008001510                MemManage_Handler
 .text.BusFault_Handler
                0x0000000008001516        0x6 ./Core/Src/stm32f1xx_it.o
                0x0000000008001516                BusFault_Handler
 .text.UsageFault_Handler
                0x000000000800151c        0x6 ./Core/Src/stm32f1xx_it.o
                0x000000000800151c                UsageFault_Handler
 .text.SVC_Handler
                0x0000000008001522        0xc ./Core/Src/stm32f1xx_it.o
                0x0000000008001522                SVC_Handler
 .text.DebugMon_Handler
                0x000000000800152e        0xc ./Core/Src/stm32f1xx_it.o
                0x000000000800152e                DebugMon_Handler
 .text.PendSV_Handler
                0x000000000800153a        0xc ./Core/Src/stm32f1xx_it.o
                0x000000000800153a                PendSV_Handler
 .text.SysTick_Handler
                0x0000000008001546        0xc ./Core/Src/stm32f1xx_it.o
                0x0000000008001546                SysTick_Handler
 *fill*         0x0000000008001552        0x2 
 .text.TIM2_IRQHandler
                0x0000000008001554       0x14 ./Core/Src/stm32f1xx_it.o
                0x0000000008001554                TIM2_IRQHandler
 .text.SystemInit
                0x0000000008001568        0xc ./Core/Src/system_stm32f1xx.o
                0x0000000008001568                SystemInit
 .text.Reset_Handler
                0x0000000008001574       0x48 ./Core/Startup/startup_stm32f103c6ux.o
                0x0000000008001574                Reset_Handler
 .text.Default_Handler
                0x00000000080015bc        0x2 ./Core/Startup/startup_stm32f103c6ux.o
                0x00000000080015bc                RTC_Alarm_IRQHandler
                0x00000000080015bc                EXTI2_IRQHandler
                0x00000000080015bc                TIM1_CC_IRQHandler
                0x00000000080015bc                PVD_IRQHandler
                0x00000000080015bc                EXTI3_IRQHandler
                0x00000000080015bc                EXTI0_IRQHandler
                0x00000000080015bc                ADC1_2_IRQHandler
                0x00000000080015bc                SPI1_IRQHandler
                0x00000000080015bc                TAMPER_IRQHandler
                0x00000000080015bc                DMA1_Channel4_IRQHandler
                0x00000000080015bc                RTC_IRQHandler
                0x00000000080015bc                DMA1_Channel7_IRQHandler
                0x00000000080015bc                CAN1_RX1_IRQHandler
                0x00000000080015bc                I2C1_EV_IRQHandler
                0x00000000080015bc                DMA1_Channel6_IRQHandler
                0x00000000080015bc                TIM3_IRQHandler
                0x00000000080015bc                RCC_IRQHandler
                0x00000000080015bc                TIM1_TRG_COM_IRQHandler
                0x00000000080015bc                DMA1_Channel1_IRQHandler
                0x00000000080015bc                Default_Handler
                0x00000000080015bc                EXTI15_10_IRQHandler
                0x00000000080015bc                EXTI9_5_IRQHandler
                0x00000000080015bc                DMA1_Channel5_IRQHandler
                0x00000000080015bc                EXTI4_IRQHandler
                0x00000000080015bc                USB_LP_CAN1_RX0_IRQHandler
                0x00000000080015bc                USB_HP_CAN1_TX_IRQHandler
                0x00000000080015bc                DMA1_Channel3_IRQHandler
                0x00000000080015bc                TIM1_UP_IRQHandler
                0x00000000080015bc                WWDG_IRQHandler
                0x00000000080015bc                TIM1_BRK_IRQHandler
                0x00000000080015bc                EXTI1_IRQHandler
                0x00000000080015bc                USART2_IRQHandler
                0x00000000080015bc                DMA1_Channel2_IRQHandler
                0x00000000080015bc                CAN1_SCE_IRQHandler
                0x00000000080015bc                FLASH_IRQHandler
                0x00000000080015bc                USART1_IRQHandler
                0x00000000080015bc                I2C1_ER_IRQHandler
                0x00000000080015bc                USBWakeUp_IRQHandler
 *fill*         0x00000000080015be        0x2 
 .text.HAL_Init
                0x00000000080015c0       0x2c ./Drivers/STM32F1xx_HAL_Driver/Src/stm32f1xx_hal.o
                0x00000000080015c0                HAL_Init
 .text.HAL_InitTick
                0x00000000080015ec       0x60 ./Drivers/STM32F1xx_HAL_Driver/Src/stm32f1xx_hal.o
                0x00000000080015ec                HAL_InitTick
 .text.HAL_IncTick
                0x000000000800164c       0x24 ./Drivers/STM32F1xx_HAL_Driver/Src/stm32f1xx_hal.o
                0x000000000800164c                HAL_IncTick
 .text.HAL_GetTick
                0x0000000008001670       0x14 ./Drivers/STM32F1xx_HAL_Driver/Src/stm32f1xx_hal.o
                0x0000000008001670                HAL_GetTick
 .text.__NVIC_SetPriorityGrouping
                0x0000000008001684       0x48 ./Drivers/STM32F1xx_HAL_Driver/Src/stm32f1xx_hal_cortex.o
 .text.__NVIC_GetPriorityGrouping
                0x00000000080016cc       0x1c ./Drivers/STM32F1xx_HAL_Driver/Src/stm32f1xx_hal_cortex.o
 .text.__NVIC_EnableIRQ
                0x00000000080016e8       0x38 ./Drivers/STM32F1xx_HAL_Driver/Src/stm32f1xx_hal_cortex.o
 .text.__NVIC_SetPriority
                0x0000000008001720       0x54 ./Drivers/STM32F1xx_HAL_Driver/Src/stm32f1xx_hal_cortex.o
 .text.NVIC_EncodePriority
                0x0000000008001774       0x64 ./Drivers/STM32F1xx_HAL_Driver/Src/stm32f1xx_hal_cortex.o
 .text.SysTick_Config
                0x00000000080017d8       0x44 ./Drivers/STM32F1xx_HAL_Driver/Src/stm32f1xx_hal_cortex.o
 .text.HAL_NVIC_SetPriorityGrouping
                0x000000000800181c       0x16 ./Drivers/STM32F1xx_HAL_Driver/Src/stm32f1xx_hal_cortex.o
                0x000000000800181c                HAL_NVIC_SetPriorityGrouping
 .text.HAL_NVIC_SetPriority
                0x0000000008001832       0x38 ./Drivers/STM32F1xx_HAL_Driver/Src/stm32f1xx_hal_cortex.o
                0x0000000008001832                HAL_NVIC_SetPriority
 .text.HAL_NVIC_EnableIRQ
                0x000000000800186a       0x1c ./Drivers/STM32F1xx_HAL_Driver/Src/stm32f1xx_hal_cortex.o
                0x000000000800186a                HAL_NVIC_EnableIRQ
 .text.HAL_SYSTICK_Config
                0x0000000008001886       0x18 ./Drivers/STM32F1xx_HAL_Driver/Src/stm32f1xx_hal_cortex.o
                0x0000000008001886                HAL_SYSTICK_Config
 *fill*         0x000000000800189e        0x2 
 .text.HAL_GPIO_Init
                0x00000000080018a0      0x2f4 ./Drivers/STM32F1xx_HAL_Driver/Src/stm32f1xx_hal_gpio.o
                0x00000000080018a0                HAL_GPIO_Init
 .text.HAL_GPIO_ReadPin
                0x0000000008001b94       0x2e ./Drivers/STM32F1xx_HAL_Driver/Src/stm32f1xx_hal_gpio.o
                0x0000000008001b94                HAL_GPIO_ReadPin
 .text.HAL_GPIO_WritePin
                0x0000000008001bc2       0x30 ./Drivers/STM32F1xx_HAL_Driver/Src/stm32f1xx_hal_gpio.o
                0x0000000008001bc2                HAL_GPIO_WritePin
 .text.HAL_GPIO_TogglePin
                0x0000000008001bf2       0x32 ./Drivers/STM32F1xx_HAL_Driver/Src/stm32f1xx_hal_gpio.o
                0x0000000008001bf2                HAL_GPIO_TogglePin
 .text.HAL_RCC_OscConfig
                0x0000000008001c24      0x500 ./Drivers/STM32F1xx_HAL_Driver/Src/stm32f1xx_hal_rcc.o
                0x0000000008001c24                HAL_RCC_OscConfig
 .text.HAL_RCC_ClockConfig
                0x0000000008002124      0x1d4 ./Drivers/STM32F1xx_HAL_Driver/Src/stm32f1xx_hal_rcc.o
                0x0000000008002124                HAL_RCC_ClockConfig
 .text.HAL_RCC_GetSysClockFreq
                0x00000000080022f8       0xa8 ./Drivers/STM32F1xx_HAL_Driver/Src/stm32f1xx_hal_rcc.o
                0x00000000080022f8                HAL_RCC_GetSysClockFreq
 .text.RCC_Delay
                0x00000000080023a0       0x3c ./Drivers/STM32F1xx_HAL_Driver/Src/stm32f1xx_hal_rcc.o
 .text.HAL_TIM_Base_Init
                0x00000000080023dc       0x9e ./Drivers/STM32F1xx_HAL_Driver/Src/stm32f1xx_hal_tim.o
                0x00000000080023dc                HAL_TIM_Base_Init
 *fill*         0x000000000800247a        0x2 
 .text.HAL_TIM_Base_Start_IT
                0x000000000800247c       0x98 ./Drivers/STM32F1xx_HAL_Driver/Src/stm32f1xx_hal_tim.o
                0x000000000800247c                HAL_TIM_Base_Start_IT
 .text.HAL_TIM_IRQHandler
                0x0000000008002514      0x1e0 ./Drivers/STM32F1xx_HAL_Driver/Src/stm32f1xx_hal_tim.o
                0x0000000008002514                HAL_TIM_IRQHandler
 .text.HAL_TIM_ConfigClockSource
                0x00000000080026f4      0x18e ./Drivers/STM32F1xx_HAL_Driver/Src/stm32f1xx_hal_tim.o
                0x00000000080026f4                HAL_TIM_ConfigClockSource
 .text.HAL_TIM_OC_DelayElapsedCallback
                0x0000000008002882       0x12 ./Drivers/STM32F1xx_HAL_Driver/Src/stm32f1xx_hal_tim.o
                0x0000000008002882                HAL_TIM_OC_DelayElapsedCallback
 .text.HAL_TIM_IC_CaptureCallback
                0x0000000008002894       0x12 ./Drivers/STM32F1xx_HAL_Driver/Src/stm32f1xx_hal_tim.o
                0x0000000008002894                HAL_TIM_IC_CaptureCallback
 .text.HAL_TIM_PWM_PulseFinishedCallback
                0x00000000080028a6       0x12 ./Drivers/STM32F1xx_HAL_Driver/Src/stm32f1xx_hal_tim.o
                0x00000000080028a6                HAL_TIM_PWM_PulseFinishedCallback
 .text.HAL_TIM_TriggerCallback
                0x00000000080028b8       0x12 ./Drivers/STM32F1xx_HAL_Driver/Src/stm32f1xx_hal_tim.o
                0x00000000080028b8                HAL_TIM_TriggerCallback
 *fill*         0x00000000080028ca        0x2 
 .text.TIM_Base_SetConfig
                0x00000000080028cc       0xc8 ./Drivers/STM32F1xx_HAL_Driver/Src/stm32f1xx_hal_tim.o
                0x00000000080028cc                TIM_Base_SetConfig
 .text.TIM_TI1_ConfigInputStage
                0x0000000008002994       0x5c ./Drivers/STM32F1xx_HAL_Driver/Src/stm32f1xx_hal_tim.o
 .text.TIM_TI2_ConfigInputStage
                0x00000000080029f0       0x5e ./Drivers/STM32F1xx_HAL_Driver/Src/stm32f1xx_hal_tim.o
 .text.TIM_ITRx_SetConfig
                0x0000000008002a4e       0x34 ./Drivers/STM32F1xx_HAL_Driver/Src/stm32f1xx_hal_tim.o
 .text.TIM_ETR_SetConfig
                0x0000000008002a82       0x3e ./Drivers/STM32F1xx_HAL_Driver/Src/stm32f1xx_hal_tim.o
                0x0000000008002a82                TIM_ETR_SetConfig
 .text.HAL_TIMEx_MasterConfigSynchronization
                0x0000000008002ac0       0xb0 ./Drivers/STM32F1xx_HAL_Driver/Src/stm32f1xx_hal_tim_ex.o
                0x0000000008002ac0                HAL_TIMEx_MasterConfigSynchronization
 .text.HAL_TIMEx_CommutCallback
                0x0000000008002b70       0x12 ./Drivers/STM32F1xx_HAL_Driver/Src/stm32f1xx_hal_tim_ex.o
                0x0000000008002b70                HAL_TIMEx_CommutCallback
 .text.HAL_TIMEx_BreakCallback
                0x0000000008002b82       0x12 ./Drivers/STM32F1xx_HAL_Driver/Src/stm32f1xx_hal_tim_ex.o
                0x0000000008002b82                HAL_TIMEx_BreakCallback
 .text.__libc_init_array
                0x0000000008002b94       0x48 g:/stm32cubeide_1.7.0/stm32cubeide/plugins/com.st.stm32cube.ide.mcu.externaltools.gnu-tools-for-stm32.9-2020-q2-update.win32_2.0.0.202105311346/tools/bin/../lib/gcc/arm-none-eabi/9.3.1/../../../../arm-none-eabi/lib/thumb/v7-m/nofp\libc_nano.a(lib_a-init.o)
                0x0000000008002b94                __libc_init_array
 .text.memset   0x0000000008002bdc       0x10 g:/stm32cubeide_1.7.0/stm32cubeide/plugins/com.st.stm32cube.ide.mcu.externaltools.gnu-tools-for-stm32.9-2020-q2-update.win32_2.0.0.202105311346/tools/bin/../lib/gcc/arm-none-eabi/9.3.1/../../../../arm-none-eabi/lib/thumb/v7-m/nofp\libc_nano.a(lib_a-memset.o)
                0x0000000008002bdc                memset
 *(.glue_7)
 .glue_7        0x0000000008002bec        0x0 linker stubs
 *(.glue_7t)
 .glue_7t       0x0000000008002bec        0x0 linker stubs
 *(.eh_frame)
 .eh_frame      0x0000000008002bec        0x0 g:/stm32cubeide_1.7.0/stm32cubeide/plugins/com.st.stm32cube.ide.mcu.externaltools.gnu-tools-for-stm32.9-2020-q2-update.win32_2.0.0.202105311346/tools/bin/../lib/gcc/arm-none-eabi/9.3.1/thumb/v7-m/nofp/crtbegin.o
 *(.init)
 .init          0x0000000008002bec        0x4 g:/stm32cubeide_1.7.0/stm32cubeide/plugins/com.st.stm32cube.ide.mcu.externaltools.gnu-tools-for-stm32.9-2020-q2-update.win32_2.0.0.202105311346/tools/bin/../lib/gcc/arm-none-eabi/9.3.1/thumb/v7-m/nofp/crti.o
                0x0000000008002bec                _init
 .init          0x0000000008002bf0        0x8 g:/stm32cubeide_1.7.0/stm32cubeide/plugins/com.st.stm32cube.ide.mcu.externaltools.gnu-tools-for-stm32.9-2020-q2-update.win32_2.0.0.202105311346/tools/bin/../lib/gcc/arm-none-eabi/9.3.1/thumb/v7-m/nofp/crtn.o
 *(.fini)
 .fini          0x0000000008002bf8        0x4 g:/stm32cubeide_1.7.0/stm32cubeide/plugins/com.st.stm32cube.ide.mcu.externaltools.gnu-tools-for-stm32.9-2020-q2-update.win32_2.0.0.202105311346/tools/bin/../lib/gcc/arm-none-eabi/9.3.1/thumb/v7-m/nofp/crti.o
                0x0000000008002bf8                _fini
 .fini          0x0000000008002bfc        0x8 g:/stm32cubeide_1.7.0/stm32cubeide/plugins/com.st.stm32cube.ide.mcu.externaltools.gnu-tools-for-stm32.9-2020-q2-update.win32_2.0.0.202105311346/tools/bin/../lib/gcc/arm-none-eabi/9.3.1/thumb/v7-m/nofp/crtn.o
                0x0000000008002c04                . = ALIGN (0x4)
                0x0000000008002c04                _etext = .

.vfp11_veneer   0x0000000008002c04        0x0
 .vfp11_veneer  0x0000000008002c04        0x0 linker stubs

.v4_bx          0x0000000008002c04        0x0
 .v4_bx         0x0000000008002c04        0x0 linker stubs

.iplt           0x0000000008002c04        0x0
 .iplt          0x0000000008002c04        0x0 g:/stm32cubeide_1.7.0/stm32cubeide/plugins/com.st.stm32cube.ide.mcu.externaltools.gnu-tools-for-stm32.9-2020-q2-update.win32_2.0.0.202105311346/tools/bin/../lib/gcc/arm-none-eabi/9.3.1/thumb/v7-m/nofp/crtbegin.o

.rodata         0x0000000008002c04       0x24
                0x0000000008002c04                . = ALIGN (0x4)
 *(.rodata)
 *(.rodata*)
 .rodata.AHBPrescTable
                0x0000000008002c04       0x10 ./Core/Src/system_stm32f1xx.o
                0x0000000008002c04                AHBPrescTable
 .rodata.aPLLMULFactorTable.6032
                0x0000000008002c14       0x10 ./Drivers/STM32F1xx_HAL_Driver/Src/stm32f1xx_hal_rcc.o
 .rodata.aPredivFactorTable.6033
                0x0000000008002c24        0x2 ./Drivers/STM32F1xx_HAL_Driver/Src/stm32f1xx_hal_rcc.o
                0x0000000008002c28                . = ALIGN (0x4)
 *fill*         0x0000000008002c26        0x2 

.rel.dyn        0x0000000008002c28        0x0
 .rel.iplt      0x0000000008002c28        0x0 g:/stm32cubeide_1.7.0/stm32cubeide/plugins/com.st.stm32cube.ide.mcu.externaltools.gnu-tools-for-stm32.9-2020-q2-update.win32_2.0.0.202105311346/tools/bin/../lib/gcc/arm-none-eabi/9.3.1/thumb/v7-m/nofp/crtbegin.o

.ARM.extab      0x0000000008002c28        0x0
                0x0000000008002c28                . = ALIGN (0x4)
 *(.ARM.extab* .gnu.linkonce.armextab.*)
                0x0000000008002c28                . = ALIGN (0x4)

.ARM            0x0000000008002c28        0x0
                0x0000000008002c28                . = ALIGN (0x4)
                0x0000000008002c28                __exidx_start = .
 *(.ARM.exidx*)
                0x0000000008002c28                __exidx_end = .
                0x0000000008002c28                . = ALIGN (0x4)

.preinit_array  0x0000000008002c28        0x0
                0x0000000008002c28                . = ALIGN (0x4)
                0x0000000008002c28                PROVIDE (__preinit_array_start = .)
 *(.preinit_array*)
                0x0000000008002c28                PROVIDE (__preinit_array_end = .)
                0x0000000008002c28                . = ALIGN (0x4)

.init_array     0x0000000008002c28        0x4
                0x0000000008002c28                . = ALIGN (0x4)
                0x0000000008002c28                PROVIDE (__init_array_start = .)
 *(SORT_BY_NAME(.init_array.*))
 *(.init_array*)
 .init_array    0x0000000008002c28        0x4 g:/stm32cubeide_1.7.0/stm32cubeide/plugins/com.st.stm32cube.ide.mcu.externaltools.gnu-tools-for-stm32.9-2020-q2-update.win32_2.0.0.202105311346/tools/bin/../lib/gcc/arm-none-eabi/9.3.1/thumb/v7-m/nofp/crtbegin.o
                0x0000000008002c2c                PROVIDE (__init_array_end = .)
                0x0000000008002c2c                . = ALIGN (0x4)

.fini_array     0x0000000008002c2c        0x4
                0x0000000008002c2c                . = ALIGN (0x4)
                [!provide]                        PROVIDE (__fini_array_start = .)
 *(SORT_BY_NAME(.fini_array.*))
 *(.fini_array*)
 .fini_array    0x0000000008002c2c        0x4 g:/stm32cubeide_1.7.0/stm32cubeide/plugins/com.st.stm32cube.ide.mcu.externaltools.gnu-tools-for-stm32.9-2020-q2-update.win32_2.0.0.202105311346/tools/bin/../lib/gcc/arm-none-eabi/9.3.1/thumb/v7-m/nofp/crtbegin.o
                [!provide]                        PROVIDE (__fini_array_end = .)
                0x0000000008002c30                . = ALIGN (0x4)
                0x0000000008002c30                _sidata = LOADADDR (.data)

.data           0x0000000020000000       0x54 load address 0x0000000008002c30
                0x0000000020000000                . = ALIGN (0x4)
                0x0000000020000000                _sdata = .
 *(.data)
 *(.data*)
 .data.reg0     0x0000000020000000        0x4 ./Core/Src/button.o
                0x0000000020000000                reg0
 .data.reg1     0x0000000020000004        0x4 ./Core/Src/button.o
                0x0000000020000004                reg1
 .data.reg2     0x0000000020000008        0x4 ./Core/Src/button.o
                0x0000000020000008                reg2
 .data.reg3     0x000000002000000c        0x4 ./Core/Src/button.o
                0x000000002000000c                reg3
 .data.timerForPress
                0x0000000020000010        0x4 ./Core/Src/button.o
                0x0000000020000010                timerForPress
 .data.btn2_reg0
                0x0000000020000014        0x4 ./Core/Src/button.o
                0x0000000020000014                btn2_reg0
 .data.btn2_reg1
                0x0000000020000018        0x4 ./Core/Src/button.o
                0x0000000020000018                btn2_reg1
 .data.btn2_reg2
                0x000000002000001c        0x4 ./Core/Src/button.o
                0x000000002000001c                btn2_reg2
 .data.btn2_reg3
                0x0000000020000020        0x4 ./Core/Src/button.o
                0x0000000020000020                btn2_reg3
 .data.timerForPress2
                0x0000000020000024        0x4 ./Core/Src/button.o
                0x0000000020000024                timerForPress2
 .data.btn3_reg0
                0x0000000020000028        0x4 ./Core/Src/button.o
                0x0000000020000028                btn3_reg0
 .data.btn3_reg1
                0x000000002000002c        0x4 ./Core/Src/button.o
                0x000000002000002c                btn3_reg1
 .data.btn3_reg2
                0x0000000020000030        0x4 ./Core/Src/button.o
                0x0000000020000030                btn3_reg2
 .data.btn3_reg3
                0x0000000020000034        0x4 ./Core/Src/button.o
                0x0000000020000034                btn3_reg3
 .data.timerForPress3
                0x0000000020000038        0x4 ./Core/Src/button.o
                0x0000000020000038                timerForPress3
 .data.RED_TIMER
                0x000000002000003c        0x4 ./Core/Src/global.o
                0x000000002000003c                RED_TIMER
 .data.AMBER_TIMER
                0x0000000020000040        0x4 ./Core/Src/global.o
                0x0000000020000040                AMBER_TIMER
 .data.GREEN_TIMER
                0x0000000020000044        0x4 ./Core/Src/global.o
                0x0000000020000044                GREEN_TIMER
 .data.SystemCoreClock
                0x0000000020000048        0x4 ./Core/Src/system_stm32f1xx.o
                0x0000000020000048                SystemCoreClock
 .data.uwTickPrio
                0x000000002000004c        0x4 ./Drivers/STM32F1xx_HAL_Driver/Src/stm32f1xx_hal.o
                0x000000002000004c                uwTickPrio
 .data.uwTickFreq
                0x0000000020000050        0x1 ./Drivers/STM32F1xx_HAL_Driver/Src/stm32f1xx_hal.o
                0x0000000020000050                uwTickFreq
 *(.RamFunc)
 *(.RamFunc*)
                0x0000000020000054                . = ALIGN (0x4)
 *fill*         0x0000000020000051        0x3 
                0x0000000020000054                _edata = .

.igot.plt       0x0000000020000054        0x0 load address 0x0000000008002c84
 .igot.plt      0x0000000020000054        0x0 g:/stm32cubeide_1.7.0/stm32cubeide/plugins/com.st.stm32cube.ide.mcu.externaltools.gnu-tools-for-stm32.9-2020-q2-update.win32_2.0.0.202105311346/tools/bin/../lib/gcc/arm-none-eabi/9.3.1/thumb/v7-m/nofp/crtbegin.o
                0x0000000020000054                . = ALIGN (0x4)

.bss            0x0000000020000054      0x340 load address 0x0000000008002c84
                0x0000000020000054                _sbss = .
                0x0000000020000054                __bss_start__ = _sbss
 *(.bss)
 .bss           0x0000000020000054       0x1c g:/stm32cubeide_1.7.0/stm32cubeide/plugins/com.st.stm32cube.ide.mcu.externaltools.gnu-tools-for-stm32.9-2020-q2-update.win32_2.0.0.202105311346/tools/bin/../lib/gcc/arm-none-eabi/9.3.1/thumb/v7-m/nofp/crtbegin.o
 *(.bss*)
 .bss.btn_flag1
                0x0000000020000070        0x4 ./Core/Src/button.o
                0x0000000020000070                btn_flag1
 .bss.btn_flag2
                0x0000000020000074        0x4 ./Core/Src/button.o
                0x0000000020000074                btn_flag2
 .bss.btn_flag3
                0x0000000020000078        0x4 ./Core/Src/button.o
                0x0000000020000078                btn_flag3
 .bss.automatic
                0x000000002000007c        0x4 ./Core/Src/fsm_auto.o
                0x000000002000007c                automatic
 .bss.state     0x0000000020000080        0x1 ./Core/Src/global.o
                0x0000000020000080                state
 .bss.EN        0x0000000020000081        0x1 ./Core/Src/global.o
                0x0000000020000081                EN
 *fill*         0x0000000020000082        0x2 
 .bss.CD1       0x0000000020000084        0x4 ./Core/Src/global.o
                0x0000000020000084                CD1
 .bss.CD2       0x0000000020000088        0x4 ./Core/Src/global.o
                0x0000000020000088                CD2
 .bss.flag      0x000000002000008c        0x1 ./Core/Src/sch.o
                0x000000002000008c                flag
 .bss.size      0x000000002000008d        0x1 ./Core/Src/sch.o
                0x000000002000008d                size
 *fill*         0x000000002000008e        0x2 
 .bss.minus     0x0000000020000090        0x4 ./Core/Src/sch.o
                0x0000000020000090                minus
 .bss.Error_code
                0x0000000020000094        0x1 ./Core/Src/sch.o
                0x0000000020000094                Error_code
 *fill*         0x0000000020000095        0x3 
 .bss.timeCD    0x0000000020000098        0x4 ./Core/Src/softwaretimer.o
                0x0000000020000098                timeCD
 .bss.flagCD    0x000000002000009c        0x4 ./Core/Src/softwaretimer.o
                0x000000002000009c                flagCD
 .bss.timeSeg   0x00000000200000a0        0x4 ./Core/Src/softwaretimer.o
                0x00000000200000a0                timeSeg
 .bss.flagSeg   0x00000000200000a4        0x4 ./Core/Src/softwaretimer.o
                0x00000000200000a4                flagSeg
 *(COMMON)
 COMMON         0x00000000200000a8       0x20 ./Core/Src/global.o
                0x00000000200000a8                buffer2
                0x00000000200000b8                buffer1
 COMMON         0x00000000200000c8       0x48 ./Core/Src/main.o
                0x00000000200000c8                htim2
 COMMON         0x0000000020000110      0x280 ./Core/Src/sch.o
                0x0000000020000110                schTasks
 COMMON         0x0000000020000390        0x4 ./Drivers/STM32F1xx_HAL_Driver/Src/stm32f1xx_hal.o
                0x0000000020000390                uwTick
                0x0000000020000394                . = ALIGN (0x4)
                0x0000000020000394                _ebss = .
                0x0000000020000394                __bss_end__ = _ebss

._user_heap_stack
                0x0000000020000394      0x604 load address 0x0000000008002c84
                0x0000000020000398                . = ALIGN (0x8)
 *fill*         0x0000000020000394        0x4 
                [!provide]                        PROVIDE (end = .)
                0x0000000020000398                PROVIDE (_end = .)
                0x0000000020000598                . = (. + _Min_Heap_Size)
 *fill*         0x0000000020000398      0x200 
                0x0000000020000998                . = (. + _Min_Stack_Size)
 *fill*         0x0000000020000598      0x400 
                0x0000000020000998                . = ALIGN (0x8)

/DISCARD/
 libc.a(*)
 libm.a(*)
 libgcc.a(*)

.ARM.attributes
                0x0000000000000000       0x29
 *(.ARM.attributes)
 .ARM.attributes
                0x0000000000000000       0x1d g:/stm32cubeide_1.7.0/stm32cubeide/plugins/com.st.stm32cube.ide.mcu.externaltools.gnu-tools-for-stm32.9-2020-q2-update.win32_2.0.0.202105311346/tools/bin/../lib/gcc/arm-none-eabi/9.3.1/thumb/v7-m/nofp/crti.o
 .ARM.attributes
                0x000000000000001d       0x2d g:/stm32cubeide_1.7.0/stm32cubeide/plugins/com.st.stm32cube.ide.mcu.externaltools.gnu-tools-for-stm32.9-2020-q2-update.win32_2.0.0.202105311346/tools/bin/../lib/gcc/arm-none-eabi/9.3.1/thumb/v7-m/nofp/crtbegin.o
 .ARM.attributes
                0x000000000000004a       0x2d ./Core/Src/button.o
 .ARM.attributes
                0x0000000000000077       0x2d ./Core/Src/fsm_auto.o
 .ARM.attributes
                0x00000000000000a4       0x2d ./Core/Src/fsm_manual.o
 .ARM.attributes
                0x00000000000000d1       0x2d ./Core/Src/global.o
 .ARM.attributes
                0x00000000000000fe       0x2d ./Core/Src/main.o
 .ARM.attributes
                0x000000000000012b       0x2d ./Core/Src/sch.o
 .ARM.attributes
                0x0000000000000158       0x2d ./Core/Src/softwaretimer.o
 .ARM.attributes
                0x0000000000000185       0x2d ./Core/Src/stm32f1xx_hal_msp.o
 .ARM.attributes
                0x00000000000001b2       0x2d ./Core/Src/stm32f1xx_it.o
 .ARM.attributes
                0x00000000000001df       0x2d ./Core/Src/system_stm32f1xx.o
 .ARM.attributes
                0x000000000000020c       0x21 ./Core/Startup/startup_stm32f103c6ux.o
 .ARM.attributes
                0x000000000000022d       0x2d ./Drivers/STM32F1xx_HAL_Driver/Src/stm32f1xx_hal.o
 .ARM.attributes
                0x000000000000025a       0x2d ./Drivers/STM32F1xx_HAL_Driver/Src/stm32f1xx_hal_cortex.o
 .ARM.attributes
                0x0000000000000287       0x2d ./Drivers/STM32F1xx_HAL_Driver/Src/stm32f1xx_hal_gpio.o
 .ARM.attributes
                0x00000000000002b4       0x2d ./Drivers/STM32F1xx_HAL_Driver/Src/stm32f1xx_hal_rcc.o
 .ARM.attributes
                0x00000000000002e1       0x2d ./Drivers/STM32F1xx_HAL_Driver/Src/stm32f1xx_hal_tim.o
 .ARM.attributes
                0x000000000000030e       0x2d ./Drivers/STM32F1xx_HAL_Driver/Src/stm32f1xx_hal_tim_ex.o
 .ARM.attributes
                0x000000000000033b       0x2d g:/stm32cubeide_1.7.0/stm32cubeide/plugins/com.st.stm32cube.ide.mcu.externaltools.gnu-tools-for-stm32.9-2020-q2-update.win32_2.0.0.202105311346/tools/bin/../lib/gcc/arm-none-eabi/9.3.1/../../../../arm-none-eabi/lib/thumb/v7-m/nofp\libc_nano.a(lib_a-init.o)
 .ARM.attributes
                0x0000000000000368       0x2d g:/stm32cubeide_1.7.0/stm32cubeide/plugins/com.st.stm32cube.ide.mcu.externaltools.gnu-tools-for-stm32.9-2020-q2-update.win32_2.0.0.202105311346/tools/bin/../lib/gcc/arm-none-eabi/9.3.1/../../../../arm-none-eabi/lib/thumb/v7-m/nofp\libc_nano.a(lib_a-memset.o)
 .ARM.attributes
                0x0000000000000395       0x1d g:/stm32cubeide_1.7.0/stm32cubeide/plugins/com.st.stm32cube.ide.mcu.externaltools.gnu-tools-for-stm32.9-2020-q2-update.win32_2.0.0.202105311346/tools/bin/../lib/gcc/arm-none-eabi/9.3.1/thumb/v7-m/nofp/crtn.o
OUTPUT(Traffic_Light_Application.elf elf32-littlearm)
LOAD linker stubs
LOAD g:/stm32cubeide_1.7.0/stm32cubeide/plugins/com.st.stm32cube.ide.mcu.externaltools.gnu-tools-for-stm32.9-2020-q2-update.win32_2.0.0.202105311346/tools/bin/../lib/gcc/arm-none-eabi/9.3.1/../../../../arm-none-eabi/lib/thumb/v7-m/nofp\libc.a
LOAD g:/stm32cubeide_1.7.0/stm32cubeide/plugins/com.st.stm32cube.ide.mcu.externaltools.gnu-tools-for-stm32.9-2020-q2-update.win32_2.0.0.202105311346/tools/bin/../lib/gcc/arm-none-eabi/9.3.1/../../../../arm-none-eabi/lib/thumb/v7-m/nofp\libm.a
LOAD g:/stm32cubeide_1.7.0/stm32cubeide/plugins/com.st.stm32cube.ide.mcu.externaltools.gnu-tools-for-stm32.9-2020-q2-update.win32_2.0.0.202105311346/tools/bin/../lib/gcc/arm-none-eabi/9.3.1/thumb/v7-m/nofp\libgcc.a

.debug_info     0x0000000000000000     0x9bea
 .debug_info    0x0000000000000000      0x3ce ./Core/Src/button.o
 .debug_info    0x00000000000003ce      0x2a5 ./Core/Src/fsm_auto.o
 .debug_info    0x0000000000000673      0x30b ./Core/Src/fsm_manual.o
 .debug_info    0x000000000000097e      0x531 ./Core/Src/global.o
 .debug_info    0x0000000000000eaf      0xc83 ./Core/Src/main.o
 .debug_info    0x0000000000001b32      0x51b ./Core/Src/sch.o
 .debug_info    0x000000000000204d      0x2ac ./Core/Src/softwaretimer.o
 .debug_info    0x00000000000022f9      0xa09 ./Core/Src/stm32f1xx_hal_msp.o
 .debug_info    0x0000000000002d02      0x7b9 ./Core/Src/stm32f1xx_it.o
 .debug_info    0x00000000000034bb      0x2be ./Core/Src/system_stm32f1xx.o
 .debug_info    0x0000000000003779       0x22 ./Core/Startup/startup_stm32f103c6ux.o
 .debug_info    0x000000000000379b      0x74c ./Drivers/STM32F1xx_HAL_Driver/Src/stm32f1xx_hal.o
 .debug_info    0x0000000000003ee7      0xbbe ./Drivers/STM32F1xx_HAL_Driver/Src/stm32f1xx_hal_cortex.o
 .debug_info    0x0000000000004aa5      0x701 ./Drivers/STM32F1xx_HAL_Driver/Src/stm32f1xx_hal_gpio.o
 .debug_info    0x00000000000051a6      0x893 ./Drivers/STM32F1xx_HAL_Driver/Src/stm32f1xx_hal_rcc.o
 .debug_info    0x0000000000005a39     0x2c32 ./Drivers/STM32F1xx_HAL_Driver/Src/stm32f1xx_hal_tim.o
 .debug_info    0x000000000000866b     0x157f ./Drivers/STM32F1xx_HAL_Driver/Src/stm32f1xx_hal_tim_ex.o

.debug_abbrev   0x0000000000000000     0x1c9a
 .debug_abbrev  0x0000000000000000      0x123 ./Core/Src/button.o
 .debug_abbrev  0x0000000000000123       0xe1 ./Core/Src/fsm_auto.o
 .debug_abbrev  0x0000000000000204      0x112 ./Core/Src/fsm_manual.o
 .debug_abbrev  0x0000000000000316      0x17b ./Core/Src/global.o
 .debug_abbrev  0x0000000000000491      0x23f ./Core/Src/main.o
 .debug_abbrev  0x00000000000006d0      0x1e3 ./Core/Src/sch.o
 .debug_abbrev  0x00000000000008b3      0x13b ./Core/Src/softwaretimer.o
 .debug_abbrev  0x00000000000009ee      0x1b7 ./Core/Src/stm32f1xx_hal_msp.o
 .debug_abbrev  0x0000000000000ba5      0x176 ./Core/Src/stm32f1xx_it.o
 .debug_abbrev  0x0000000000000d1b      0x14e ./Core/Src/system_stm32f1xx.o
 .debug_abbrev  0x0000000000000e69       0x12 ./Core/Startup/startup_stm32f103c6ux.o
 .debug_abbrev  0x0000000000000e7b      0x1ed ./Drivers/STM32F1xx_HAL_Driver/Src/stm32f1xx_hal.o
 .debug_abbrev  0x0000000000001068      0x313 ./Drivers/STM32F1xx_HAL_Driver/Src/stm32f1xx_hal_cortex.o
 .debug_abbrev  0x000000000000137b      0x1e8 ./Drivers/STM32F1xx_HAL_Driver/Src/stm32f1xx_hal_gpio.o
 .debug_abbrev  0x0000000000001563      0x273 ./Drivers/STM32F1xx_HAL_Driver/Src/stm32f1xx_hal_rcc.o
 .debug_abbrev  0x00000000000017d6      0x25e ./Drivers/STM32F1xx_HAL_Driver/Src/stm32f1xx_hal_tim.o
 .debug_abbrev  0x0000000000001a34      0x266 ./Drivers/STM32F1xx_HAL_Driver/Src/stm32f1xx_hal_tim_ex.o

.debug_aranges  0x0000000000000000      0xad0
 .debug_aranges
                0x0000000000000000       0x48 ./Core/Src/button.o
 .debug_aranges
                0x0000000000000048       0x28 ./Core/Src/fsm_auto.o
 .debug_aranges
                0x0000000000000070       0x20 ./Core/Src/fsm_manual.o
 .debug_aranges
                0x0000000000000090       0x58 ./Core/Src/global.o
 .debug_aranges
                0x00000000000000e8       0x48 ./Core/Src/main.o
 .debug_aranges
                0x0000000000000130       0x60 ./Core/Src/sch.o
 .debug_aranges
                0x0000000000000190       0x58 ./Core/Src/softwaretimer.o
 .debug_aranges
                0x00000000000001e8       0x30 ./Core/Src/stm32f1xx_hal_msp.o
 .debug_aranges
                0x0000000000000218       0x68 ./Core/Src/stm32f1xx_it.o
 .debug_aranges
                0x0000000000000280       0x28 ./Core/Src/system_stm32f1xx.o
 .debug_aranges
                0x00000000000002a8       0x28 ./Core/Startup/startup_stm32f103c6ux.o
 .debug_aranges
                0x00000000000002d0       0xe0 ./Drivers/STM32F1xx_HAL_Driver/Src/stm32f1xx_hal.o
 .debug_aranges
                0x00000000000003b0      0x100 ./Drivers/STM32F1xx_HAL_Driver/Src/stm32f1xx_hal_cortex.o
 .debug_aranges
                0x00000000000004b0       0x58 ./Drivers/STM32F1xx_HAL_Driver/Src/stm32f1xx_hal_gpio.o
 .debug_aranges
                0x0000000000000508       0x90 ./Drivers/STM32F1xx_HAL_Driver/Src/stm32f1xx_hal_rcc.o
 .debug_aranges
                0x0000000000000598      0x3d0 ./Drivers/STM32F1xx_HAL_Driver/Src/stm32f1xx_hal_tim.o
 .debug_aranges
                0x0000000000000968      0x168 ./Drivers/STM32F1xx_HAL_Driver/Src/stm32f1xx_hal_tim_ex.o

.debug_ranges   0x0000000000000000      0x9e0
 .debug_ranges  0x0000000000000000       0x38 ./Core/Src/button.o
 .debug_ranges  0x0000000000000038       0x18 ./Core/Src/fsm_auto.o
 .debug_ranges  0x0000000000000050       0x10 ./Core/Src/fsm_manual.o
 .debug_ranges  0x0000000000000060       0x48 ./Core/Src/global.o
 .debug_ranges  0x00000000000000a8       0x38 ./Core/Src/main.o
 .debug_ranges  0x00000000000000e0       0x68 ./Core/Src/sch.o
 .debug_ranges  0x0000000000000148       0x48 ./Core/Src/softwaretimer.o
 .debug_ranges  0x0000000000000190       0x20 ./Core/Src/stm32f1xx_hal_msp.o
 .debug_ranges  0x00000000000001b0       0x58 ./Core/Src/stm32f1xx_it.o
 .debug_ranges  0x0000000000000208       0x18 ./Core/Src/system_stm32f1xx.o
 .debug_ranges  0x0000000000000220       0x20 ./Core/Startup/startup_stm32f103c6ux.o
 .debug_ranges  0x0000000000000240       0xd0 ./Drivers/STM32F1xx_HAL_Driver/Src/stm32f1xx_hal.o
 .debug_ranges  0x0000000000000310       0xf0 ./Drivers/STM32F1xx_HAL_Driver/Src/stm32f1xx_hal_cortex.o
 .debug_ranges  0x0000000000000400       0x48 ./Drivers/STM32F1xx_HAL_Driver/Src/stm32f1xx_hal_gpio.o
 .debug_ranges  0x0000000000000448       0x80 ./Drivers/STM32F1xx_HAL_Driver/Src/stm32f1xx_hal_rcc.o
 .debug_ranges  0x00000000000004c8      0x3c0 ./Drivers/STM32F1xx_HAL_Driver/Src/stm32f1xx_hal_tim.o
 .debug_ranges  0x0000000000000888      0x158 ./Drivers/STM32F1xx_HAL_Driver/Src/stm32f1xx_hal_tim_ex.o

.debug_macro    0x0000000000000000    0x16e7b
 .debug_macro   0x0000000000000000      0x1c4 ./Core/Src/button.o
 .debug_macro   0x00000000000001c4      0xa9c ./Core/Src/button.o
 .debug_macro   0x0000000000000c60      0x215 ./Core/Src/button.o
 .debug_macro   0x0000000000000e75       0x2e ./Core/Src/button.o
 .debug_macro   0x0000000000000ea3       0x22 ./Core/Src/button.o
 .debug_macro   0x0000000000000ec5       0x22 ./Core/Src/button.o
 .debug_macro   0x0000000000000ee7       0x8e ./Core/Src/button.o
 .debug_macro   0x0000000000000f75       0x51 ./Core/Src/button.o
 .debug_macro   0x0000000000000fc6      0x103 ./Core/Src/button.o
 .debug_macro   0x00000000000010c9       0x6a ./Core/Src/button.o
 .debug_macro   0x0000000000001133      0x1df ./Core/Src/button.o
 .debug_macro   0x0000000000001312       0x1c ./Core/Src/button.o
 .debug_macro   0x000000000000132e       0x22 ./Core/Src/button.o
 .debug_macro   0x0000000000001350       0xc3 ./Core/Src/button.o
 .debug_macro   0x0000000000001413      0xd23 ./Core/Src/button.o
 .debug_macro   0x0000000000002136     0xde75 ./Core/Src/button.o
 .debug_macro   0x000000000000ffab       0x6d ./Core/Src/button.o
 .debug_macro   0x0000000000010018     0x34a2 ./Core/Src/button.o
 .debug_macro   0x00000000000134ba      0x174 ./Core/Src/button.o
 .debug_macro   0x000000000001362e       0x5c ./Core/Src/button.o
 .debug_macro   0x000000000001368a      0x5bc ./Core/Src/button.o
 .debug_macro   0x0000000000013c46      0x1b7 ./Core/Src/button.o
 .debug_macro   0x0000000000013dfd      0x1cb ./Core/Src/button.o
 .debug_macro   0x0000000000013fc8      0x114 ./Core/Src/button.o
 .debug_macro   0x00000000000140dc      0x1b2 ./Core/Src/button.o
 .debug_macro   0x000000000001428e       0x27 ./Core/Src/button.o
 .debug_macro   0x00000000000142b5      0x12f ./Core/Src/button.o
 .debug_macro   0x00000000000143e4      0x1bc ./Core/Src/button.o
 .debug_macro   0x00000000000145a0       0x34 ./Core/Src/button.o
 .debug_macro   0x00000000000145d4       0x3c ./Core/Src/button.o
 .debug_macro   0x0000000000014610       0x57 ./Core/Src/button.o
 .debug_macro   0x0000000000014667       0x87 ./Core/Src/button.o
 .debug_macro   0x00000000000146ee      0x183 ./Core/Src/button.o
 .debug_macro   0x0000000000014871      0x140 ./Core/Src/button.o
 .debug_macro   0x00000000000149b1      0x8ed ./Core/Src/button.o
 .debug_macro   0x000000000001529e       0x69 ./Core/Src/button.o
 .debug_macro   0x0000000000015307       0xf4 ./Core/Src/button.o
 .debug_macro   0x00000000000153fb       0x10 ./Core/Src/button.o
 .debug_macro   0x000000000001540b       0x16 ./Core/Src/button.o
 .debug_macro   0x0000000000015421      0x1d7 ./Core/Src/fsm_auto.o
 .debug_macro   0x00000000000155f8       0x16 ./Core/Src/fsm_auto.o
 .debug_macro   0x000000000001560e      0x1d7 ./Core/Src/fsm_manual.o
 .debug_macro   0x00000000000157e5      0x1cd ./Core/Src/global.o
 .debug_macro   0x00000000000159b2      0x1f4 ./Core/Src/main.o
 .debug_macro   0x0000000000015ba6       0x16 ./Core/Src/main.o
 .debug_macro   0x0000000000015bbc      0x1f0 ./Core/Src/sch.o
 .debug_macro   0x0000000000015dac      0x1b6 ./Core/Src/softwaretimer.o
 .debug_macro   0x0000000000015f62      0x1a6 ./Core/Src/stm32f1xx_hal_msp.o
 .debug_macro   0x0000000000016108      0x1b0 ./Core/Src/stm32f1xx_it.o
 .debug_macro   0x00000000000162b8      0x197 ./Core/Src/system_stm32f1xx.o
 .debug_macro   0x000000000001644f      0x1bb ./Drivers/STM32F1xx_HAL_Driver/Src/stm32f1xx_hal.o
 .debug_macro   0x000000000001660a      0x197 ./Drivers/STM32F1xx_HAL_Driver/Src/stm32f1xx_hal_cortex.o
 .debug_macro   0x00000000000167a1      0x202 ./Drivers/STM32F1xx_HAL_Driver/Src/stm32f1xx_hal_gpio.o
 .debug_macro   0x00000000000169a3      0x1a9 ./Drivers/STM32F1xx_HAL_Driver/Src/stm32f1xx_hal_rcc.o
 .debug_macro   0x0000000000016b4c      0x198 ./Drivers/STM32F1xx_HAL_Driver/Src/stm32f1xx_hal_tim.o
 .debug_macro   0x0000000000016ce4      0x197 ./Drivers/STM32F1xx_HAL_Driver/Src/stm32f1xx_hal_tim_ex.o

.debug_line     0x0000000000000000     0xc18f
 .debug_line    0x0000000000000000      0x7e6 ./Core/Src/button.o
 .debug_line    0x00000000000007e6      0x790 ./Core/Src/fsm_auto.o
 .debug_line    0x0000000000000f76      0x774 ./Core/Src/fsm_manual.o
 .debug_line    0x00000000000016ea      0x781 ./Core/Src/global.o
 .debug_line    0x0000000000001e6b      0x7c9 ./Core/Src/main.o
 .debug_line    0x0000000000002634      0x8f7 ./Core/Src/sch.o
 .debug_line    0x0000000000002f2b      0x749 ./Core/Src/softwaretimer.o
 .debug_line    0x0000000000003674      0x695 ./Core/Src/stm32f1xx_hal_msp.o
 .debug_line    0x0000000000003d09      0x733 ./Core/Src/stm32f1xx_it.o
 .debug_line    0x000000000000443c      0x6d7 ./Core/Src/system_stm32f1xx.o
 .debug_line    0x0000000000004b13       0x86 ./Core/Startup/startup_stm32f103c6ux.o
 .debug_line    0x0000000000004b99      0x904 ./Drivers/STM32F1xx_HAL_Driver/Src/stm32f1xx_hal.o
 .debug_line    0x000000000000549d      0xaec ./Drivers/STM32F1xx_HAL_Driver/Src/stm32f1xx_hal_cortex.o
 .debug_line    0x0000000000005f89      0x987 ./Drivers/STM32F1xx_HAL_Driver/Src/stm32f1xx_hal_gpio.o
 .debug_line    0x0000000000006910      0xd10 ./Drivers/STM32F1xx_HAL_Driver/Src/stm32f1xx_hal_rcc.o
 .debug_line    0x0000000000007620     0x3355 ./Drivers/STM32F1xx_HAL_Driver/Src/stm32f1xx_hal_tim.o
 .debug_line    0x000000000000a975     0x181a ./Drivers/STM32F1xx_HAL_Driver/Src/stm32f1xx_hal_tim_ex.o

.debug_str      0x0000000000000000    0x8261e
 .debug_str     0x0000000000000000    0x7f881 ./Core/Src/button.o
                                      0x7fbdf (size before relaxing)
 .debug_str     0x000000000007f881      0x10c ./Core/Src/fsm_auto.o
                                      0x7fba3 (size before relaxing)
 .debug_str     0x000000000007f98d       0x3a ./Core/Src/fsm_manual.o
                                      0x7fbbd (size before relaxing)
 .debug_str     0x000000000007f9c7       0xa6 ./Core/Src/global.o
                                      0x7fc29 (size before relaxing)
 .debug_str     0x000000000007fa6d      0x731 ./Core/Src/main.o
                                      0x80386 (size before relaxing)
 .debug_str     0x000000000008019e      0x18f ./Core/Src/sch.o
                                      0x7fd4a (size before relaxing)
 .debug_str     0x000000000008032d       0x9f ./Core/Src/softwaretimer.o
                                      0x7fae6 (size before relaxing)
 .debug_str     0x00000000000803cc      0x2ba ./Core/Src/stm32f1xx_hal_msp.o
                                      0x8024e (size before relaxing)
 .debug_str     0x0000000000080686       0xcd ./Core/Src/stm32f1xx_it.o
                                      0x7ffb0 (size before relaxing)
 .debug_str     0x0000000000080753       0x52 ./Core/Src/system_stm32f1xx.o
                                      0x7f785 (size before relaxing)
 .debug_str     0x00000000000807a5       0x36 ./Core/Startup/startup_stm32f103c6ux.o
                                         0x79 (size before relaxing)
 .debug_str     0x00000000000807db      0x304 ./Drivers/STM32F1xx_HAL_Driver/Src/stm32f1xx_hal.o
                                      0x7fddc (size before relaxing)
 .debug_str     0x0000000000080adf      0x300 ./Drivers/STM32F1xx_HAL_Driver/Src/stm32f1xx_hal_cortex.o
                                      0x7fde4 (size before relaxing)
 .debug_str     0x0000000000080ddf      0x324 ./Drivers/STM32F1xx_HAL_Driver/Src/stm32f1xx_hal_gpio.o
                                      0x7fb49 (size before relaxing)
 .debug_str     0x0000000000081103      0x24f ./Drivers/STM32F1xx_HAL_Driver/Src/stm32f1xx_hal_rcc.o
                                      0x7fb82 (size before relaxing)
 .debug_str     0x0000000000081352      0xdde ./Drivers/STM32F1xx_HAL_Driver/Src/stm32f1xx_hal_tim.o
                                      0x80b6b (size before relaxing)
 .debug_str     0x0000000000082130      0x4ee ./Drivers/STM32F1xx_HAL_Driver/Src/stm32f1xx_hal_tim_ex.o
                                      0x8030c (size before relaxing)

.comment        0x0000000000000000       0x53
 .comment       0x0000000000000000       0x53 ./Core/Src/button.o
                                         0x54 (size before relaxing)
 .comment       0x0000000000000053       0x54 ./Core/Src/fsm_auto.o
 .comment       0x0000000000000053       0x54 ./Core/Src/fsm_manual.o
 .comment       0x0000000000000053       0x54 ./Core/Src/global.o
 .comment       0x0000000000000053       0x54 ./Core/Src/main.o
 .comment       0x0000000000000053       0x54 ./Core/Src/sch.o
 .comment       0x0000000000000053       0x54 ./Core/Src/softwaretimer.o
 .comment       0x0000000000000053       0x54 ./Core/Src/stm32f1xx_hal_msp.o
 .comment       0x0000000000000053       0x54 ./Core/Src/stm32f1xx_it.o
 .comment       0x0000000000000053       0x54 ./Core/Src/system_stm32f1xx.o
 .comment       0x0000000000000053       0x54 ./Drivers/STM32F1xx_HAL_Driver/Src/stm32f1xx_hal.o
 .comment       0x0000000000000053       0x54 ./Drivers/STM32F1xx_HAL_Driver/Src/stm32f1xx_hal_cortex.o
 .comment       0x0000000000000053       0x54 ./Drivers/STM32F1xx_HAL_Driver/Src/stm32f1xx_hal_gpio.o
 .comment       0x0000000000000053       0x54 ./Drivers/STM32F1xx_HAL_Driver/Src/stm32f1xx_hal_rcc.o
 .comment       0x0000000000000053       0x54 ./Drivers/STM32F1xx_HAL_Driver/Src/stm32f1xx_hal_tim.o
 .comment       0x0000000000000053       0x54 ./Drivers/STM32F1xx_HAL_Driver/Src/stm32f1xx_hal_tim_ex.o

.debug_frame    0x0000000000000000     0x2aac
 .debug_frame   0x0000000000000000       0xc4 ./Core/Src/button.o
 .debug_frame   0x00000000000000c4       0x48 ./Core/Src/fsm_auto.o
 .debug_frame   0x000000000000010c       0x2c ./Core/Src/fsm_manual.o
 .debug_frame   0x0000000000000138      0x130 ./Core/Src/global.o
 .debug_frame   0x0000000000000268       0xd4 ./Core/Src/main.o
 .debug_frame   0x000000000000033c      0x150 ./Core/Src/sch.o
 .debug_frame   0x000000000000048c      0x130 ./Core/Src/softwaretimer.o
 .debug_frame   0x00000000000005bc       0x80 ./Core/Src/stm32f1xx_hal_msp.o
 .debug_frame   0x000000000000063c      0x120 ./Core/Src/stm32f1xx_it.o
 .debug_frame   0x000000000000075c       0x58 ./Core/Src/system_stm32f1xx.o
 .debug_frame   0x00000000000007b4      0x334 ./Drivers/STM32F1xx_HAL_Driver/Src/stm32f1xx_hal.o
 .debug_frame   0x0000000000000ae8      0x428 ./Drivers/STM32F1xx_HAL_Driver/Src/stm32f1xx_hal_cortex.o
 .debug_frame   0x0000000000000f10      0x14c ./Drivers/STM32F1xx_HAL_Driver/Src/stm32f1xx_hal_gpio.o
 .debug_frame   0x000000000000105c      0x218 ./Drivers/STM32F1xx_HAL_Driver/Src/stm32f1xx_hal_rcc.o
 .debug_frame   0x0000000000001274     0x11b4 ./Drivers/STM32F1xx_HAL_Driver/Src/stm32f1xx_hal_tim.o
 .debug_frame   0x0000000000002428      0x638 ./Drivers/STM32F1xx_HAL_Driver/Src/stm32f1xx_hal_tim_ex.o
 .debug_frame   0x0000000000002a60       0x2c g:/stm32cubeide_1.7.0/stm32cubeide/plugins/com.st.stm32cube.ide.mcu.externaltools.gnu-tools-for-stm32.9-2020-q2-update.win32_2.0.0.202105311346/tools/bin/../lib/gcc/arm-none-eabi/9.3.1/../../../../arm-none-eabi/lib/thumb/v7-m/nofp\libc_nano.a(lib_a-init.o)
 .debug_frame   0x0000000000002a8c       0x20 g:/stm32cubeide_1.7.0/stm32cubeide/plugins/com.st.stm32cube.ide.mcu.externaltools.gnu-tools-for-stm32.9-2020-q2-update.win32_2.0.0.202105311346/tools/bin/../lib/gcc/arm-none-eabi/9.3.1/../../../../arm-none-eabi/lib/thumb/v7-m/nofp\libc_nano.a(lib_a-memset.o)
